FHIR IG Publisher Version 2.3.4 (Git# 7ae92f79415a). Built 2026-09-04T06:21:07.840Z (25 days old)
Detected Java version: 25.0.4 from /opt/java/openjdk on amd64 (64bit). 3998MB available
dir = /__w/implementation-guide/implementation-guide, path = /opt/java/openjdk/bin:/usr/local/sbin:/usr/local/bin:/usr/sbin:/usr/bin:/sbin:/bin
Parameters: -go-publish -source ig/ -web web/ -registry registry/fhir-ig-list.json -history history/ -templates web/templates
---------------
Publication Run: publish ig/ to web/
Publication URL of 'https://kip.rkkp.dk/fhir' is not consistent with the required base URL of 'https://kip.sundk.dk'
Relative directory for IG is '/fhir'
===== Web Publication Run Details ===============================
 Source IG: dk.kip.rkkp.fhir.ig.core#2.26.1 : https://kip.rkkp.dk/fhir (R4) from ig/
All checks passed. Do the publication build from /__w/implementation-guide/implementation-guide/ig and publish to /tmp/web-root/run-20260929/fhir
Prepare Build space in /tmp/ig-builds/dk.kip.rkkp.fhir.ig.core#2.26.1
Build IG at /__w/implementation-guide/implementation-guide/ig: final copy suitable for publication (in /tmp/ig-builds/dk.kip.rkkp.fhir.ig.core#2.26.1)
FHIR IG Publisher Version 2.3.4 (Git# 7ae92f79415a). Built 2026-09-04T06:21:07.840Z (25 days old)   
Detected Java version: 25.0.4 from /opt/java/openjdk on Linux/amd64 (64bit). 3998MB available       
dir = /__w/implementation-guide/implementation-guide, path = /opt/java/openjdk/bin:/usr/local/sbin:/usr/local/bin:/usr/sbin:/usr/bin:/sbin:/bin
Parameters: -publish https://kip.rkkp.dk/fhir/2.26.1 -no-exit -ig /tmp/ig-builds/dk.kip.rkkp.fhir.ig.core#2.26.1 -resetTx
Character encoding = UTF-8 / UTF-8                                                                  
Start Clock @ Tuesday, September 29, 2026, 7:20:30 AM Coordinated Universal Time (2026-09-29T07:20:30Z)
                                                                                                    
Build FHIR IG from /tmp/ig-builds/dk.kip.rkkp.fhir.ig.core#2.26.1                                    (00:00.021 / 00:00.022, 119Mb)
Build Formal Publication package, intended for https://kip.rkkp.dk/fhir/2.26.1                       (00:00.002 / 00:00.024, 119Mb)
No FHIR settings file at /root/.fhir/fhir-settings.json; using defaults (no API keys or npm path)    (00:00.000 / 00:00.025, 119Mb)
Package Cache: /root/.fhir/packages                                                                  (00:00.002 / 00:00.027, 119Mb)
Run Sushi on /tmp/ig-builds/dk.kip.rkkp.fhir.ig.core#2.26.1                                          (00:00.002 / 00:00.030, 119Mb)
Sushi: info  Running SUSHI v3.20.1 (implements FHIR Shorthand specification v3.0.0)                  (00:00.450 / 00:00.480, 122Mb)
Sushi: info  Arguments:                                                                              (00:00.001 / 00:00.481, 122Mb)
Sushi: info    --require-latest                                                                      (00:00.001 / 00:00.482, 122Mb)
Sushi: info    --out /tmp/ig-builds/dk.kip.rkkp.fhir.ig.core#2.26.1                                  (00:00.000 / 00:00.483, 122Mb)
Sushi: info    /tmp/ig-builds/dk.kip.rkkp.fhir.ig.core#2.26.1                                        (00:00.000 / 00:00.484, 122Mb)
Sushi: info  Using configuration file: /tmp/ig-builds/dk.kip.rkkp.fhir.ig.core#2.26.1/sushi-config.yaml (00:00.412 / 00:00.897, 122Mb)
Sushi: info  Importing FSH text...                                                                   (00:00.094 / 00:00.991, 122Mb)
Sushi: info  Preprocessed 1031 documents with 11 aliases.                                            (00:01.336 / 00:02.328, 122Mb)
Sushi: info  Imported 1012 definitions and 18 instances.                                             (00:00.189 / 00:02.517, 122Mb)
Sushi: info  Loaded virtual package sushi-r5forR4#1.0.0 with 7 resources                             (00:00.233 / 00:02.751, 122Mb)
Sushi: info  Resolved hl7.fhir.uv.tools.r4#latest to concrete version 1.2.0                          (00:00.475 / 00:03.226, 122Mb)
Sushi: info  Loaded hl7.fhir.uv.tools.r4#1.2.0 with 123 resources                                    (00:00.047 / 00:03.274, 122Mb)
Sushi: info  Resolved hl7.terminology.r4#latest to concrete version 7.4.0                            (00:00.108 / 00:03.382, 122Mb)
Sushi: info  Loaded hl7.terminology.r4#7.4.0 with 4211 resources                                     (00:01.010 / 00:04.393, 122Mb)
Sushi: info  Loaded hl7.fhir.dk.core#2.0.0 with 36 resources                                         (00:00.010 / 00:04.403, 122Mb)
Sushi: info  Loaded hl7.fhir.r4.core#4.0.1 with 4581 resources                                       (00:00.928 / 00:05.331, 122Mb)
Sushi: info  Resolved hl7.fhir.uv.extensions.r4#latest to concrete version 5.3.0                     (00:00.119 / 00:05.450, 122Mb)
Sushi: info  Loaded hl7.fhir.uv.extensions.r4#5.3.0 with 885 resources                               (00:00.205 / 00:05.656, 122Mb)
Sushi: info  Loaded virtual package sushi-local#LOCAL with 0 resources                               (00:00.009 / 00:05.666, 122Mb)
Sushi: info  Converting FSH to FHIR resources...                                                     (00:00.017 / 00:05.684, 122Mb)
Sushi: info  Converted 13 FHIR StructureDefinitions.                                                 (00:00.555 / 00:06.239, 122Mb)
Sushi: info  Converted 267 FHIR CodeSystems.                                                         (00:20.989 / 00:27.229, 122Mb)
Sushi: info  Converted 732 FHIR ValueSets.                                                           (00:13.340 / 00:40.570, 122Mb)
Sushi: info  Converted 18 FHIR instances.                                                            (00:00.335 / 00:40.905, 122Mb)
Sushi: info  Exporting FHIR resources as JSON...                                                     (00:00.001 / 00:40.906, 122Mb)
Sushi: info  Exported 1030 FHIR resources as JSON.                                                   (00:00.134 / 00:41.040, 122Mb)
Sushi: info  Assembling Implementation Guide sources...                                              (00:00.016 / 00:41.057, 122Mb)
Sushi: info  Generated ImplementationGuide-dk.kip.rkkp.fhir.ig.core.json                             (00:00.028 / 00:41.086, 122Mb)
Sushi: info  Assembled Implementation Guide sources; ready for IG Publisher.                         (00:00.001 / 00:41.087, 122Mb)
Sushi: info  The _build script hosted at https://github.com/HL7/ig-publisher-scripts is useful for downloading and running the IG Publisher. (00:00.001 / 00:41.089, 122Mb)
Sushi: ========================= SUSHI RESULTS ===========================                           (00:00.001 / 00:41.090, 122Mb)
Sushi: |  -------------------------------------------------------------  |                           (00:00.001 / 00:41.091, 122Mb)
Sushi: | |    Profiles   |  Extensions  |   Logicals   |   Resources   | |                           (00:00.001 / 00:41.093, 122Mb)
Sushi: | |-------------------------------------------------------------| |                           (00:00.001 / 00:41.094, 122Mb)
Sushi: | |       0       |      13      |      0       |       0       | |                           (00:00.001 / 00:41.095, 122Mb)
Sushi: |  -------------------------------------------------------------  |                           (00:00.001 / 00:41.096, 122Mb)
Sushi: |  -------------------------------------------------------------  |                           (00:00.001 / 00:41.097, 122Mb)
Sushi: | |      ValueSets     |    CodeSystems    |     Instances      | |                           (00:00.001 / 00:41.098, 122Mb)
Sushi: | |-------------------------------------------------------------| |                           (00:00.001 / 00:41.099, 122Mb)
Sushi: | |        732         |        267        |         18         | |                           (00:00.001 / 00:41.101, 122Mb)
Sushi: |  -------------------------------------------------------------  |                           (00:00.001 / 00:41.102, 122Mb)
Sushi: |                                                                 |                           (00:00.001 / 00:41.103, 122Mb)
Sushi: ===================================================================                           (00:00.001 / 00:41.104, 122Mb)
Sushi: | You've turned the tide.                0 Errors      0 Warnings |                           (00:00.000 / 00:41.105, 122Mb)
Sushi: ===================================================================                           (00:00.000 / 00:41.106, 122Mb)
Root directory: /tmp/ig-builds/dk.kip.rkkp.fhir.ig.core#2.26.1                                       (00:00.031 / 00:41.137, 122Mb)
Unable to load IG as an r5 IG - try R4 (property code is a class com.google.gson.JsonPrimitive looking for an object) (00:00.458 / 00:41.595, 32Mb)
Load Template from fhir.base.template#current                                                        (00:00.585 / 00:42.181, 79Mb)
[33mThis content depends on fhir.base.template which is no longer considered secure to use
[0;39m[33mSee Security notification at https://www.fhir.org/guides/security-notices/2026-03-npm-dependencies.html
[0;39mScanning directory: /tmp/ig-builds/dk.kip.rkkp.fhir.ig.core#2.26.1/template
======================================================================
Terminology Cache is at /tmp/ig-builds/dk.kip.rkkp.fhir.ig.core#2.26.1/input-cache/txcache. Clearing now (00:06.035 / 00:48.217, 144Mb)
Core Package hl7.fhir.r4.core#4.0.1                                                                  (00:00.001 / 00:48.218, 144Mb)
Running Terminology Log: /tmp/ohfu-fhir-ig-8136633462760355275.html
Connect to Terminology Server at https://tx.fhir.org                                                 (00:03.285 / 00:51.504, 346Mb)
[39mLoad Package hl7.fhir.pubpack#0.2.5
[0;39m[39mLoad Package hl7.fhir.xver-extensions#0.1.0
[0;39m[39mLoad Package hl7.terminology.r4#7.4.0
[0;39m[39mLoad Package hl7.fhir.uv.extensions.r4#5.3.0
[0;39m[39mLoad Package hl7.terminology.r4#3.1.0
[0;39m[39mLoad Package hl7.fhir.dk.core#2.0.0
[0;39m[39mLoad Package hl7.fhir.uv.tools.r4#1.1.2
[0;39mLoad R5 Specials
Initialization complete                                                                              (00:06.566 / 00:58.070, 777Mb)
Load IG                                                                                              (00:00.000 / 00:58.071, 777Mb)
Load Content                                                                                         (00:00.003 / 00:58.074, 778Mb)
Using en-US as the default narrative language. (no language information in Implementation Guide)     (00:00.136 / 00:58.211, 802Mb)
Process Loaded Resources                                                                             (00:01.166 / 00:59.377, 682Mb)
Generating Snapshots                                                                                 (00:01.110 / 01:00.488, 639Mb)

Signing Certificate: RSA key for Subject: OU=IG Publisher, L=Ann Arbor, CN=hl7.org, O=HL7, ST=Missouri, C=us from: OU=IG Publisher, L=Ann Arbor, CN=hl7.org, O=HL7, ST=Missouri, C=us
Fetch https://kip.rkkp.dk/fhir/package-list.json for version check                                   (00:00.180 / 01:00.668, 662Mb)
Checking Language                                                                                    (00:49.704 / 01:50.372, 748Mb)
Load Dependency Info                                                                                 (00:00.018 / 01:50.390, 752Mb)
Load Info                                                                                            (00:00.004 / 01:50.395, 752Mb)
Load Paths                                                                                           (00:00.003 / 01:50.398, 753Mb)
Check R4 / R4B                                                                                       (00:00.001 / 01:50.399, 753Mb)
Assign Comparison Ids                                                                                (00:00.149 / 01:50.548, 879Mb)
Propagating status                                                                                   (00:00.001 / 01:50.550, 879Mb)
Generating Narratives                                                                                (00:00.000 / 01:50.551, 879Mb)
Validating Conformance Resources                                                                     (00:01.866 / 01:52.417, 643Mb)
Check profiles & code systems                                                                        (00:08.409 / 02:00.827, 769Mb)
Check realm rules                                                                                    (00:00.006 / 02:00.833, 770Mb)
Previous Version Comparison                                                                          (00:00.001 / 02:00.835, 770Mb)
.. loaded. Process                                                                                   (00:00.000 / 02:00.836, 770Mb)
finish previous version comparison                                                                   (00:00.001 / 02:00.837, 770Mb)
finish ipa version                                                                                   (00:00.000 / 02:00.838, 770Mb)
finish ips version                                                                                   (00:00.000 / 02:00.839, 770Mb)
comparisons done                                                                                     (00:00.000 / 02:00.840, 770Mb)
Checking for Bundles to sign                                                                         (00:00.030 / 02:00.870, 779Mb)
Validating Resources                                                                                 (00:00.001 / 02:00.872, 779Mb)
Processing Provenance Records                                                                        (00:00.127 / 02:00.999, 814Mb)
Generating Outputs in /tmp/ig-builds/dk.kip.rkkp.fhir.ig.core#2.26.1/output                          (00:00.001 / 02:01.001, 814Mb)
Generate Native Outputs                                                                              (00:00.363 / 02:01.365, 962Mb)
Run Template                                                                                         (00:23.965 / 02:25.331, 906Mb)
Generate HTML Outputs                                                                                (00:01.949 / 02:27.280, 773Mb)
Generate Spreadsheets                                                                                (00:15.819 / 02:43.099, 960Mb)
Generate Summaries                                                                                   (00:00.826 / 02:43.926, 1Gb)
Generating Summary Outputs                                                                           (00:00.001 / 02:43.927, 1Gb)
Table of contents has a section with more than 222 entries.  Collapsing will not work reliably
DB Cumulative Time invested: 00:00:01.492
Sending Usage Stats to Server                                                                        (00:02.839 / 02:46.767, 883Mb)
## Memory (MB): Use = 883, Free = 598, Total = 1482, Max = 3998                                      (00:00.003 / 02:46.770, 883Mb)
Reclaiming memory...                                                                                 (00:00.001 / 02:46.771, 883Mb)
Generating combined package                                                                          (00:00.286 / 02:47.058, 887Mb)
Error generating combined package: /tmp/ig-builds/dk.kip.rkkp.fhir.ig.core#2.26.1/output/package.tgz (No such file or directory) (00:00.004 / 02:47.062, 887Mb)
## Memory (MB): Use = 765, Free = 716, Total = 1482, Max = 3998                                      (00:00.479 / 02:47.542, 766Mb)
Run jekyll: jekyll build --destination "/tmp/ig-builds/dk.kip.rkkp.fhir.ig.core#2.26.1/output" (in folder /tmp/ig-builds/dk.kip.rkkp.fhir.ig.core#2.26.1/temp/pages) (00:00.002 / 02:47.544, 766Mb)
Troubleshooting Note: usual cases for Jekyll to fail are:                                            (00:00.001 / 02:47.546, 766Mb)
* A failure to produce a fragment that is already logged in the output above                         (00:00.001 / 02:47.547, 766Mb)
* A reference to a manually edited file that hasn't been provided                                    (00:00.001 / 02:47.548, 766Mb)
Jekyll: Source: /tmp/ig-builds/dk.kip.rkkp.fhir.ig.core#2.26.1/temp/pages                            (00:00.496 / 02:48.044, 768Mb)
Jekyll: Generating...                                                                                (00:00.001 / 02:48.045, 768Mb)
Jekyll: done in 17.029 seconds.                                                                      (00:17.028 / 03:05.074, 768Mb)
[39m
[0;39m[39mInstalling dk.kip.rkkp.fhir.ig.core#2.26.1
[0;39m[39m done.
[0;39m[39m loaded @ /root/.fhir/packages/dk.kip.rkkp.fhir.ig.core#2.26.1
[0;39mChecking Output HTML                                                                                 (00:04.709 / 03:09.783, 788Mb)
Processed /tmp/ig-builds/dk.kip.rkkp.fhir.ig.core#2.26.1/output - % reduction = 98 (149270296 ==> 4421376)
found 11933 files                                                                                    (00:04.405 / 03:14.189, 849Mb)
........................................
........................................
  ... 11933 html files, 0 pages invalid xhtml (0%)                                                   (00:34.243 / 03:48.432, 1Gb)
  ... 462182 links, 11 broken links (0%)                                                             (00:00.001 / 03:48.433, 1Gb)
Generate fragment-usage-analysis.csv                                                                 (00:00.000 / 03:48.434, 1Gb)
Build final .zip                                                                                     (00:00.010 / 03:48.445, 1Gb)
Final .zip built                                                                                     (00:07.051 / 03:55.497, 935Mb)
Built. Times: loading: 00:52.298, generate: 02:56.802, narrative generation: 00:01.864, realm-rules: 00:00.001, previous-version: 00:00.004, jekyll: 00:17.591, validation: 00:08.377 (#1031), template: 00:01.962 (#3) (00:51.678 / 04:47.175, 1Gb)
Generating QA                                                                                        (00:00.002 / 04:47.177, 1Gb)
Validation output in /tmp/ig-builds/dk.kip.rkkp.fhir.ig.core#2.26.1/output/qa.html
Errors: 27, Warnings: 2242, Info: 3542, Broken Links: 11 (00:01.830 / 04:49.007, 853Mb)
Finished @ 9/29/26, 7:25 AM. Max Memory Used = 1Gb. Log file saved in /tmp/fhir-ig-publisher-tmp.log (00:00.073 / 04:49.081, 864Mb)
Prepare Build space in /tmp/ig-builds/dk.kip.rkkp.fhir.ig.core#2.26.1-milestone
Build IG at /__w/implementation-guide/implementation-guide/ig: final copy suitable for publication (in /tmp/ig-builds/dk.kip.rkkp.fhir.ig.core#2.26.1-milestone) (milestone build)
FHIR IG Publisher Version 2.3.4 (Git# 7ae92f79415a). Built 2026-09-04T06:21:07.840Z (25 days old)   
Detected Java version: 25.0.4 from /opt/java/openjdk on Linux/amd64 (64bit). 3998MB available       
dir = /__w/implementation-guide/implementation-guide, path = /opt/java/openjdk/bin:/usr/local/sbin:/usr/local/bin:/usr/sbin:/usr/bin:/sbin:/bin
Parameters: -publish https://kip.rkkp.dk/fhir/2.26.1 -no-exit -ig /tmp/ig-builds/dk.kip.rkkp.fhir.ig.core#2.26.1-milestone -milestone
Character encoding = UTF-8 / UTF-8                                                                  
Start Clock @ Tuesday, September 29, 2026, 7:25:32 AM Coordinated Universal Time (2026-09-29T07:25:32Z)
                                                                                                    
Build FHIR IG from /tmp/ig-builds/dk.kip.rkkp.fhir.ig.core#2.26.1-milestone                          (00:00.002 / 00:00.002, 1013Mb)
Build Formal Publication package, intended for https://kip.rkkp.dk/fhir/2.26.1                       (00:00.000 / 00:00.002, 1013Mb)
No FHIR settings file at /root/.fhir/fhir-settings.json; using defaults (no API keys or npm path)    (00:00.000 / 00:00.003, 1013Mb)
Package Cache: /root/.fhir/packages                                                                  (00:00.000 / 00:00.004, 1013Mb)
Run Sushi on /tmp/ig-builds/dk.kip.rkkp.fhir.ig.core#2.26.1-milestone                                (00:00.001 / 00:00.005, 1013Mb)
Sushi: info  Running SUSHI v3.20.1 (implements FHIR Shorthand specification v3.0.0)                  (00:00.433 / 00:00.438, 1015Mb)
Sushi: info  Arguments:                                                                              (00:00.000 / 00:00.439, 1015Mb)
Sushi: info    --require-latest                                                                      (00:00.000 / 00:00.440, 1015Mb)
Sushi: info    --out /tmp/ig-builds/dk.kip.rkkp.fhir.ig.core#2.26.1-milestone                        (00:00.000 / 00:00.440, 1015Mb)
Sushi: info    /tmp/ig-builds/dk.kip.rkkp.fhir.ig.core#2.26.1-milestone                              (00:00.000 / 00:00.441, 1015Mb)
Sushi: info  Using configuration file: /tmp/ig-builds/dk.kip.rkkp.fhir.ig.core#2.26.1-milestone/sushi-config.yaml (00:00.358 / 00:00.800, 1015Mb)
Sushi: info  Importing FSH text...                                                                   (00:00.086 / 00:00.887, 1015Mb)
Sushi: info  Preprocessed 1031 documents with 11 aliases.                                            (00:01.412 / 00:02.299, 1015Mb)
Sushi: info  Imported 1012 definitions and 18 instances.                                             (00:00.180 / 00:02.480, 1015Mb)
Sushi: info  Loaded virtual package sushi-r5forR4#1.0.0 with 7 resources                             (00:00.228 / 00:02.709, 1015Mb)
Sushi: info  Resolved hl7.fhir.uv.tools.r4#latest to concrete version 1.2.0                          (00:00.526 / 00:03.236, 1015Mb)
Sushi: info  Loaded hl7.fhir.uv.tools.r4#1.2.0 with 123 resources                                    (00:00.047 / 00:03.283, 1015Mb)
Sushi: info  Resolved hl7.terminology.r4#latest to concrete version 7.4.0                            (00:00.109 / 00:03.392, 1015Mb)
Sushi: info  Loaded hl7.terminology.r4#7.4.0 with 4211 resources                                     (00:01.014 / 00:04.407, 1015Mb)
Sushi: info  Loaded hl7.fhir.dk.core#2.0.0 with 36 resources                                         (00:00.010 / 00:04.417, 1015Mb)
Sushi: info  Loaded hl7.fhir.r4.core#4.0.1 with 4581 resources                                       (00:00.936 / 00:05.353, 1015Mb)
Sushi: info  Resolved hl7.fhir.uv.extensions.r4#latest to concrete version 5.3.0                     (00:00.121 / 00:05.475, 1015Mb)
Sushi: info  Loaded hl7.fhir.uv.extensions.r4#5.3.0 with 885 resources                               (00:00.213 / 00:05.688, 1015Mb)
Sushi: info  Loaded virtual package sushi-local#LOCAL with 0 resources                               (00:00.010 / 00:05.698, 1015Mb)
Sushi: info  Converting FSH to FHIR resources...                                                     (00:00.017 / 00:05.716, 1015Mb)
Sushi: info  Converted 13 FHIR StructureDefinitions.                                                 (00:00.561 / 00:06.278, 1015Mb)
Sushi: info  Converted 267 FHIR CodeSystems.                                                         (00:21.103 / 00:27.381, 1016Mb)
Sushi: info  Converted 732 FHIR ValueSets.                                                           (00:13.560 / 00:40.941, 1016Mb)
Sushi: info  Converted 18 FHIR instances.                                                            (00:00.327 / 00:41.269, 1016Mb)
Sushi: info  Exporting FHIR resources as JSON...                                                     (00:00.001 / 00:41.270, 1016Mb)
Sushi: info  Exported 1030 FHIR resources as JSON.                                                   (00:00.129 / 00:41.399, 1016Mb)
Sushi: info  Assembling Implementation Guide sources...                                              (00:00.016 / 00:41.416, 1016Mb)
Sushi: info  Generated ImplementationGuide-dk.kip.rkkp.fhir.ig.core.json                             (00:00.030 / 00:41.446, 1016Mb)
Sushi: info  Assembled Implementation Guide sources; ready for IG Publisher.                         (00:00.001 / 00:41.447, 1016Mb)
Sushi: info  The _build script hosted at https://github.com/HL7/ig-publisher-scripts is useful for downloading and running the IG Publisher. (00:00.001 / 00:41.449, 1016Mb)
Sushi: ========================= SUSHI RESULTS ===========================                           (00:00.001 / 00:41.450, 1016Mb)
Sushi: |  -------------------------------------------------------------  |                           (00:00.000 / 00:41.451, 1016Mb)
Sushi: | |    Profiles   |  Extensions  |   Logicals   |   Resources   | |                           (00:00.000 / 00:41.452, 1016Mb)
Sushi: | |-------------------------------------------------------------| |                           (00:00.000 / 00:41.452, 1016Mb)
Sushi: | |       0       |      13      |      0       |       0       | |                           (00:00.000 / 00:41.453, 1016Mb)
Sushi: |  -------------------------------------------------------------  |                           (00:00.000 / 00:41.454, 1016Mb)
Sushi: |  -------------------------------------------------------------  |                           (00:00.000 / 00:41.455, 1016Mb)
Sushi: | |      ValueSets     |    CodeSystems    |     Instances      | |                           (00:00.000 / 00:41.456, 1016Mb)
Sushi: | |-------------------------------------------------------------| |                           (00:00.000 / 00:41.456, 1016Mb)
Sushi: | |        732         |        267        |         18         | |                           (00:00.000 / 00:41.457, 1016Mb)
Sushi: |  -------------------------------------------------------------  |                           (00:00.000 / 00:41.458, 1016Mb)
Sushi: |                                                                 |                           (00:00.000 / 00:41.459, 1016Mb)
Sushi: ===================================================================                           (00:00.000 / 00:41.459, 1016Mb)
Sushi: | You really made a splash!              0 Errors      0 Warnings |                           (00:00.000 / 00:41.460, 1016Mb)
Sushi: ===================================================================                           (00:00.000 / 00:41.461, 1016Mb)
Root directory: /tmp/ig-builds/dk.kip.rkkp.fhir.ig.core#2.26.1-milestone                             (00:00.032 / 00:41.494, 1016Mb)
Unable to load IG as an r5 IG - try R4 (property code is a class com.google.gson.JsonPrimitive looking for an object) (00:00.015 / 00:41.510, 1019Mb)
Load Template from fhir.base.template#current                                                        (00:00.064 / 00:41.574, 1Gb)
[33mThis content depends on fhir.base.template which is no longer considered secure to use
[0;39m[33mSee Security notification at https://www.fhir.org/guides/security-notices/2026-03-npm-dependencies.html
[0;39mScanning directory: /tmp/ig-builds/dk.kip.rkkp.fhir.ig.core#2.26.1-milestone/template
======================================================================
Terminology Cache is at /tmp/ig-builds/dk.kip.rkkp.fhir.ig.core#2.26.1-milestone/input-cache/txcache. 4 files in cache (00:04.617 / 00:46.191, 1Gb)
Core Package hl7.fhir.r4.core#4.0.1                                                                  (00:00.000 / 00:46.192, 1Gb)
Running Terminology Log: /tmp/ohfu-fhir-ig-17739803592634715844.html
Connect to Terminology Server at https://tx.fhir.org                                                 (00:02.303 / 00:48.496, 1Gb)
[39mLoad Package hl7.fhir.pubpack#0.2.5
[0;39m[39mLoad Package hl7.fhir.xver-extensions#0.1.0
[0;39m[39mLoad Package hl7.terminology.r4#7.4.0
[0;39m[39mLoad Package hl7.fhir.uv.extensions.r4#5.3.0
[0;39m[39mLoad Package hl7.terminology.r4#3.1.0
[0;39m[39mLoad Package hl7.fhir.dk.core#2.0.0
[0;39m[39mLoad Package hl7.fhir.uv.tools.r4#1.1.2
[0;39mLoad R5 Specials
Initialization complete                                                                              (00:06.312 / 00:54.808, 1Gb)
Load IG                                                                                              (00:00.000 / 00:54.809, 1Gb)
Load Content                                                                                         (00:00.003 / 00:54.812, 1Gb)
Using en-US as the default narrative language. (no language information in Implementation Guide)     (00:00.085 / 00:54.897, 1Gb)
Process Loaded Resources                                                                             (00:01.033 / 00:55.931, 1Gb)
Generating Snapshots                                                                                 (00:01.007 / 00:56.938, 1Gb)

Signing Certificate: RSA key for Subject: OU=IG Publisher, L=Ann Arbor, CN=hl7.org, O=HL7, ST=Missouri, C=us from: OU=IG Publisher, L=Ann Arbor, CN=hl7.org, O=HL7, ST=Missouri, C=us
Fetch https://kip.rkkp.dk/fhir/package-list.json for version check                                   (00:00.074 / 00:57.013, 1Gb)
Checking Language                                                                                    (00:49.598 / 01:46.612, 993Mb)
Load Dependency Info                                                                                 (00:00.010 / 01:46.622, 997Mb)
Load Info                                                                                            (00:00.002 / 01:46.625, 997Mb)
Load Paths                                                                                           (00:00.002 / 01:46.627, 999Mb)
Check R4 / R4B                                                                                       (00:00.001 / 01:46.629, 999Mb)
Assign Comparison Ids                                                                                (00:00.164 / 01:46.793, 1Gb)
Propagating status                                                                                   (00:00.001 / 01:46.794, 1Gb)
Generating Narratives                                                                                (00:00.000 / 01:46.795, 1Gb)
Validating Conformance Resources                                                                     (00:01.279 / 01:48.075, 985Mb)
Check profiles & code systems                                                                        (00:07.484 / 01:55.560, 1Gb)
Check realm rules                                                                                    (00:00.004 / 01:55.564, 1Gb)
Previous Version Comparison                                                                          (00:00.001 / 01:55.566, 1Gb)
.. loaded. Process                                                                                   (00:00.000 / 01:55.566, 1Gb)
finish previous version comparison                                                                   (00:00.001 / 01:55.568, 1Gb)
finish ipa version                                                                                   (00:00.000 / 01:55.569, 1Gb)
finish ips version                                                                                   (00:00.000 / 01:55.570, 1Gb)
comparisons done                                                                                     (00:00.000 / 01:55.571, 1Gb)
Checking for Bundles to sign                                                                         (00:00.039 / 01:55.610, 1Gb)
Validating Resources                                                                                 (00:00.001 / 01:55.611, 1Gb)
Processing Provenance Records                                                                        (00:00.126 / 01:55.737, 1Gb)
Generating Outputs in /tmp/ig-builds/dk.kip.rkkp.fhir.ig.core#2.26.1-milestone/output                (00:00.001 / 01:55.739, 1Gb)
Generate Native Outputs                                                                              (00:00.316 / 01:56.056, 1Gb)
Run Template                                                                                         (00:23.005 / 02:19.061, 1Gb)
Generate HTML Outputs                                                                                (00:01.624 / 02:20.686, 1Gb)
Generate Spreadsheets                                                                                (00:14.826 / 02:35.512, 2Gb)
Generate Summaries                                                                                   (00:00.553 / 02:36.066, 907Mb)
Generating Summary Outputs                                                                           (00:00.001 / 02:36.067, 907Mb)
Table of contents has a section with more than 222 entries.  Collapsing will not work reliably
DB Cumulative Time invested: 00:00:01.372
Sending Usage Stats to Server                                                                        (00:02.583 / 02:38.651, 2Gb)
## Memory (MB): Use = 2472, Free = 49, Total = 2522, Max = 3998                                      (00:00.001 / 02:38.653, 2Gb)
Reclaiming memory...                                                                                 (00:00.000 / 02:38.653, 2Gb)
Generating combined package                                                                          (00:00.624 / 02:39.278, 2Gb)
Error generating combined package: /tmp/ig-builds/dk.kip.rkkp.fhir.ig.core#2.26.1-milestone/output/package.tgz (No such file or directory) (00:00.000 / 02:39.279, 2Gb)
## Memory (MB): Use = 767, Free = 1754, Total = 2522, Max = 3998                                     (00:00.499 / 02:39.779, 768Mb)
Run jekyll: jekyll build --destination "/tmp/ig-builds/dk.kip.rkkp.fhir.ig.core#2.26.1-milestone/output" (in folder /tmp/ig-builds/dk.kip.rkkp.fhir.ig.core#2.26.1-milestone/temp/pages) (00:00.001 / 02:39.780, 768Mb)
Troubleshooting Note: usual cases for Jekyll to fail are:                                            (00:00.001 / 02:39.781, 768Mb)
* A failure to produce a fragment that is already logged in the output above                         (00:00.000 / 02:39.782, 768Mb)
* A reference to a manually edited file that hasn't been provided                                    (00:00.000 / 02:39.783, 768Mb)
Jekyll: Source: /tmp/ig-builds/dk.kip.rkkp.fhir.ig.core#2.26.1-milestone/temp/pages                  (00:00.491 / 02:40.274, 770Mb)
Jekyll: Generating...                                                                                (00:00.000 / 02:40.275, 770Mb)
Jekyll: done in 17.063 seconds.                                                                      (00:17.062 / 02:57.337, 770Mb)
[39m
[0;39m[39mInstalling dk.kip.rkkp.fhir.ig.core#2.26.1
[0;39m[39m loaded @ /root/.fhir/packages/dk.kip.rkkp.fhir.ig.core#2.26.1
[0;39mChecking Output HTML                                                                                 (00:04.137 / 03:01.475, 1Gb)
Processed /tmp/ig-builds/dk.kip.rkkp.fhir.ig.core#2.26.1-milestone/output - % reduction = 98 (149270296 ==> 4421376)
found 11933 files                                                                                    (00:04.245 / 03:05.721, 2Gb)
........................................
........................................
  ... 11933 html files, 0 pages invalid xhtml (0%)                                                   (00:33.258 / 03:38.979, 1Gb)
  ... 462182 links, 11 broken links (0%)                                                             (00:00.001 / 03:38.981, 1Gb)
Generate fragment-usage-analysis.csv                                                                 (00:00.000 / 03:38.981, 1Gb)
Build final .zip                                                                                     (00:00.009 / 03:38.991, 1Gb)
Final .zip built                                                                                     (00:06.928 / 03:45.920, 1Gb)
Built. Times: loading: 00:51.799, generate: 02:50.918, narrative generation: 00:01.277, realm-rules: 00:00.001, previous-version: 00:00.005, jekyll: 00:17.613, validation: 00:07.464 (#1031), template: 00:01.629 (#3) (00:51.611 / 04:37.531, 1Gb)
Generating QA                                                                                        (00:00.001 / 04:37.533, 1Gb)
Validation output in /tmp/ig-builds/dk.kip.rkkp.fhir.ig.core#2.26.1-milestone/output/qa.html
Errors: 27, Warnings: 2242, Info: 3542, Broken Links: 11 (00:01.427 / 04:38.960, 2Gb)
Finished @ 9/29/26, 7:30 AM. Max Memory Used = 2Gb. Log file saved in /tmp/fhir-ig-publisher-tmp.log (00:00.097 / 04:39.058, 2Gb)
Keep a copy of the build directory at /tmp/web-root/run-20260929/ig-build-zips/dk.kip.rkkp.fhir.ig.core#2.26.1.zip

ok. All checks passed. Publish v2.26.1 to /tmp/web-root/run-20260929/fhir/2.26.1
Copy the IG to /tmp/web-root/run-20260929/fhir/2.26.1
Update /tmp/web-root/run-20260929/fhir/package-list.json
Publish Box Statement: This page is part of the KIP Infrastructure (v2.26.1: Release) based on <a data-no-external="true" href="http://hl7.org/fhir/R4">FHIR (HL7® FHIR® Standard) R4</a>. This is the current published version in its permanent home (it will always be available at this URL).  For a full list of available versions, see the <a data-no-external="true" href="https://kip.rkkp.dk/fhir/history.html">Directory of published versions</a>
  .. 6210 files checked, 6210 updated
  .. 1031 redirections (1031 created/updated)
This is a milestone release - publish v2.26.1 to /tmp/web-root/run-20260929/fhir
Publish Box Statement: This page is part of the KIP Infrastructure (v2.26.1: Release) based on <a data-no-external="true" href="http://hl7.org/fhir/R4">FHIR (HL7® FHIR® Standard) R4</a>. This is the current published version.  For a full list of available versions, see the <a data-no-external="true" href="https://kip.rkkp.dk/fhir/history.html">Directory of published versions</a>
  .. 6210 files checked, 6210 updated
  .. 1031 redirections (1031 created/updated)
Check for Files to delete
  ... 0 files
Copy to new IG /tmp/web-root/run-20260929/fhir
Error in package-list.json:path to build.fhir.org should not use https://
dk.kip.rkkp.fhir.ig.core (https://kip.rkkp.dk/fhir): KIP Infrastructure @ http://build.fhir.org/ig/kip-infrastructure/implementation-guide
  edition: Releases 2.26.1/4.0.1 @ https://kip.rkkp.dk/fhir/2.26.1
Build is complete. Copy from /tmp/web-root/run-20260929
Update history page at /tmp/web-root/run-20260929/fhir from /__w/implementation-guide/implementation-guide/history and web/templates
