FHIR IG Publisher Version 2.3.4 (Git# 7ae92f79415a). Built 2026-09-04T06:21:07.840Z (5 days old)
Detected Java version: 25.0.4 from /opt/java/openjdk on amd64 (64bit). 3998MB available
dir = /__w/implementation-guide/implementation-guide, path = /opt/java/openjdk/bin:/usr/local/sbin:/usr/local/bin:/usr/sbin:/usr/bin:/sbin:/bin
Parameters: -go-publish -source ig/ -web web/ -registry registry/fhir-ig-list.json -history history/ -templates web/templates
---------------
Publication Run: publish ig/ to web/
Publication URL of 'https://kip.rkkp.dk/fhir' is not consistent with the required base URL of 'https://kip.sundk.dk'
Relative directory for IG is '/fhir'
===== Web Publication Run Details ===============================
 Source IG: dk.kip.rkkp.fhir.ig.core#2.26.0 : https://kip.rkkp.dk/fhir (R4) from ig/
All checks passed. Do the publication build from /__w/implementation-guide/implementation-guide/ig and publish to /tmp/web-root/run-20260909/fhir
Prepare Build space in /tmp/ig-builds/dk.kip.rkkp.fhir.ig.core#2.26.0
Build IG at /__w/implementation-guide/implementation-guide/ig: final copy suitable for publication (in /tmp/ig-builds/dk.kip.rkkp.fhir.ig.core#2.26.0)
FHIR IG Publisher Version 2.3.4 (Git# 7ae92f79415a). Built 2026-09-04T06:21:07.840Z (5 days old)    
Detected Java version: 25.0.4 from /opt/java/openjdk on Linux/amd64 (64bit). 3998MB available       
dir = /__w/implementation-guide/implementation-guide, path = /opt/java/openjdk/bin:/usr/local/sbin:/usr/local/bin:/usr/sbin:/usr/bin:/sbin:/bin
Parameters: -publish https://kip.rkkp.dk/fhir/2.26.0 -no-exit -ig /tmp/ig-builds/dk.kip.rkkp.fhir.ig.core#2.26.0 -resetTx
Character encoding = UTF-8 / UTF-8                                                                  
Start Clock @ Wednesday, September 9, 2026, 1:48:46 PM Coordinated Universal Time (2026-09-09T13:48:46Z)
                                                                                                    
Build FHIR IG from /tmp/ig-builds/dk.kip.rkkp.fhir.ig.core#2.26.0                                    (00:00.025 / 00:00.026, 121Mb)
Build Formal Publication package, intended for https://kip.rkkp.dk/fhir/2.26.0                       (00:00.003 / 00:00.028, 121Mb)
No FHIR settings file at /root/.fhir/fhir-settings.json; using defaults (no API keys or npm path)    (00:00.001 / 00:00.029, 121Mb)
Package Cache: /root/.fhir/packages                                                                  (00:00.003 / 00:00.033, 121Mb)
Run Sushi on /tmp/ig-builds/dk.kip.rkkp.fhir.ig.core#2.26.0                                          (00:00.003 / 00:00.036, 121Mb)
Sushi: info  Running SUSHI v3.20.1 (implements FHIR Shorthand specification v3.0.0)                  (00:00.458 / 00:00.495, 124Mb)
Sushi: info  Arguments:                                                                              (00:00.000 / 00:00.496, 124Mb)
Sushi: info    --require-latest                                                                      (00:00.000 / 00:00.497, 124Mb)
Sushi: info    --out /tmp/ig-builds/dk.kip.rkkp.fhir.ig.core#2.26.0                                  (00:00.000 / 00:00.497, 124Mb)
Sushi: info    /tmp/ig-builds/dk.kip.rkkp.fhir.ig.core#2.26.0                                        (00:00.001 / 00:00.499, 124Mb)
Sushi: info  Using configuration file: /tmp/ig-builds/dk.kip.rkkp.fhir.ig.core#2.26.0/sushi-config.yaml (00:00.467 / 00:00.966, 124Mb)
Sushi: info  Importing FSH text...                                                                   (00:00.094 / 00:01.060, 124Mb)
Sushi: info  Preprocessed 1031 documents with 11 aliases.                                            (00:01.385 / 00:02.446, 124Mb)
Sushi: info  Imported 1012 definitions and 18 instances.                                             (00:00.198 / 00:02.645, 124Mb)
Sushi: info  Loaded virtual package sushi-r5forR4#1.0.0 with 7 resources                             (00:00.264 / 00:02.910, 124Mb)
Sushi: info  Resolved hl7.fhir.uv.tools.r4#latest to concrete version 1.1.2                          (00:00.749 / 00:03.659, 124Mb)
Sushi: info  Loaded hl7.fhir.uv.tools.r4#1.1.2 with 119 resources                                    (00:00.046 / 00:03.705, 124Mb)
Sushi: info  Resolved hl7.terminology.r4#latest to concrete version 7.3.0                            (00:00.149 / 00:03.855, 124Mb)
Sushi: info  Loaded hl7.terminology.r4#7.3.0 with 4176 resources                                     (00:01.011 / 00:04.867, 124Mb)
Sushi: info  Loaded hl7.fhir.dk.core#2.0.0 with 36 resources                                         (00:00.018 / 00:04.885, 124Mb)
Sushi: info  Loaded hl7.fhir.r4.core#4.0.1 with 4581 resources                                       (00:00.975 / 00:05.861, 124Mb)
Sushi: info  Resolved hl7.fhir.uv.extensions.r4#latest to concrete version 5.3.0                     (00:00.158 / 00:06.019, 124Mb)
Sushi: info  Loaded hl7.fhir.uv.extensions.r4#5.3.0 with 885 resources                               (00:00.207 / 00:06.227, 124Mb)
Sushi: info  Loaded virtual package sushi-local#LOCAL with 0 resources                               (00:00.011 / 00:06.238, 124Mb)
Sushi: info  Converting FSH to FHIR resources...                                                     (00:00.017 / 00:06.255, 124Mb)
Sushi: info  Converted 13 FHIR StructureDefinitions.                                                 (00:00.576 / 00:06.831, 124Mb)
Sushi: info  Converted 267 FHIR CodeSystems.                                                         (00:21.495 / 00:28.327, 124Mb)
Sushi: info  Converted 732 FHIR ValueSets.                                                           (00:13.693 / 00:42.021, 124Mb)
Sushi: info  Converted 18 FHIR instances.                                                            (00:00.323 / 00:42.344, 124Mb)
Sushi: info  Exporting FHIR resources as JSON...                                                     (00:00.001 / 00:42.346, 124Mb)
Sushi: info  Exported 1030 FHIR resources as JSON.                                                   (00:00.132 / 00:42.478, 124Mb)
Sushi: info  Assembling Implementation Guide sources...                                              (00:00.017 / 00:42.495, 124Mb)
Sushi: info  Generated ImplementationGuide-dk.kip.rkkp.fhir.ig.core.json                             (00:00.030 / 00:42.525, 124Mb)
Sushi: info  Assembled Implementation Guide sources; ready for IG Publisher.                         (00:00.001 / 00:42.526, 124Mb)
Sushi: info  The _build script hosted at https://github.com/HL7/ig-publisher-scripts is useful for downloading and running the IG Publisher. (00:00.001 / 00:42.528, 124Mb)
Sushi: ========================= SUSHI RESULTS ===========================                           (00:00.001 / 00:42.530, 124Mb)
Sushi: |  -------------------------------------------------------------  |                           (00:00.001 / 00:42.531, 124Mb)
Sushi: | |    Profiles   |  Extensions  |   Logicals   |   Resources   | |                           (00:00.001 / 00:42.532, 124Mb)
Sushi: | |-------------------------------------------------------------| |                           (00:00.000 / 00:42.533, 124Mb)
Sushi: | |       0       |      13      |      0       |       0       | |                           (00:00.000 / 00:42.534, 124Mb)
Sushi: |  -------------------------------------------------------------  |                           (00:00.001 / 00:42.535, 124Mb)
Sushi: |  -------------------------------------------------------------  |                           (00:00.001 / 00:42.536, 124Mb)
Sushi: | |      ValueSets     |    CodeSystems    |     Instances      | |                           (00:00.001 / 00:42.537, 124Mb)
Sushi: | |-------------------------------------------------------------| |                           (00:00.001 / 00:42.538, 124Mb)
Sushi: | |        732         |        267        |         18         | |                           (00:00.001 / 00:42.540, 124Mb)
Sushi: |  -------------------------------------------------------------  |                           (00:00.001 / 00:42.541, 124Mb)
Sushi: |                                                                 |                           (00:00.001 / 00:42.542, 124Mb)
Sushi: ===================================================================                           (00:00.001 / 00:42.543, 124Mb)
Sushi: | You're swimming in success!            0 Errors      0 Warnings |                           (00:00.000 / 00:42.544, 124Mb)
Sushi: ===================================================================                           (00:00.000 / 00:42.545, 124Mb)
Root directory: /tmp/ig-builds/dk.kip.rkkp.fhir.ig.core#2.26.0                                       (00:00.024 / 00:42.569, 124Mb)
Unable to load IG as an r5 IG - try R4 (property code is a class com.google.gson.JsonPrimitive looking for an object) (00:00.472 / 00:43.042, 32Mb)
Load Template from fhir.base.template#current                                                        (00:00.580 / 00:43.623, 31Mb)
[33mThis content depends on fhir.base.template which is no longer considered secure to use
[0;39m[33mSee Security notification at https://www.fhir.org/guides/security-notices/2026-03-npm-dependencies.html
[0;39mScanning directory: /tmp/ig-builds/dk.kip.rkkp.fhir.ig.core#2.26.0/template
======================================================================
Terminology Cache is at /tmp/ig-builds/dk.kip.rkkp.fhir.ig.core#2.26.0/input-cache/txcache. Clearing now (00:05.684 / 00:49.307, 126Mb)
Core Package hl7.fhir.r4.core#4.0.1                                                                  (00:00.002 / 00:49.309, 126Mb)
Running Terminology Log: /tmp/ohfu-fhir-ig-13855986587435950410.html
Connect to Terminology Server at https://tx.fhir.org                                                 (00:03.775 / 00:53.085, 267Mb)
[39mLoad Package hl7.fhir.pubpack#0.2.5
[0;39m[39mLoad Package hl7.fhir.xver-extensions#0.1.0
[0;39m[39mLoad Package hl7.terminology.r4#7.3.0
[0;39m[39mLoad Package hl7.fhir.uv.extensions.r4#5.3.0
[0;39m[39mLoad Package hl7.terminology.r4#3.1.0
[0;39m[39mLoad Package hl7.fhir.dk.core#2.0.0
[0;39m[39mLoad Package hl7.fhir.uv.tools.r4#1.1.2
[0;39mLoad R5 Specials
Initialization complete                                                                              (00:05.382 / 00:58.468, 599Mb)
Load IG                                                                                              (00:00.000 / 00:58.468, 599Mb)
Load Content                                                                                         (00:00.003 / 00:58.472, 600Mb)
Using en-US as the default narrative language. (no language information in Implementation Guide)     (00:00.156 / 00:58.629, 624Mb)
Process Loaded Resources                                                                             (00:01.134 / 00:59.764, 431Mb)
Generating Snapshots                                                                                 (00:01.178 / 01:00.942, 645Mb)

Signing Certificate: RSA key for Subject: OU=IG Publisher, L=Ann Arbor, CN=hl7.org, O=HL7, ST=Missouri, C=us from: OU=IG Publisher, L=Ann Arbor, CN=hl7.org, O=HL7, ST=Missouri, C=us
Fetch https://kip.rkkp.dk/fhir/package-list.json for version check                                   (00:00.251 / 01:01.194, 668Mb)
Checking Language                                                                                    (00:49.567 / 01:50.762, 462Mb)
Load Dependency Info                                                                                 (00:00.019 / 01:50.782, 466Mb)
Load Info                                                                                            (00:00.004 / 01:50.786, 466Mb)
Load Paths                                                                                           (00:00.002 / 01:50.789, 468Mb)
Check R4 / R4B                                                                                       (00:00.001 / 01:50.790, 468Mb)
Assign Comparison Ids                                                                                (00:00.267 / 01:51.058, 594Mb)
Propagating status                                                                                   (00:00.002 / 01:51.060, 594Mb)
Generating Narratives                                                                                (00:00.001 / 01:51.061, 594Mb)
Validating Conformance Resources                                                                     (00:02.169 / 01:53.230, 1Gb)
Check profiles & code systems                                                                        (00:08.996 / 02:02.226, 926Mb)
Check realm rules                                                                                    (00:00.004 / 02:02.231, 927Mb)
Previous Version Comparison                                                                          (00:00.001 / 02:02.232, 927Mb)
.. loaded. Process                                                                                   (00:00.000 / 02:02.233, 927Mb)
finish previous version comparison                                                                   (00:00.001 / 02:02.234, 927Mb)
finish ipa version                                                                                   (00:00.000 / 02:02.235, 927Mb)
finish ips version                                                                                   (00:00.000 / 02:02.236, 927Mb)
comparisons done                                                                                     (00:00.000 / 02:02.236, 927Mb)
Checking for Bundles to sign                                                                         (00:00.029 / 02:02.266, 936Mb)
Validating Resources                                                                                 (00:00.001 / 02:02.267, 936Mb)
Processing Provenance Records                                                                        (00:00.134 / 02:02.402, 971Mb)
Generating Outputs in /tmp/ig-builds/dk.kip.rkkp.fhir.ig.core#2.26.0/output                          (00:00.001 / 02:02.404, 971Mb)
Generate Native Outputs                                                                              (00:00.369 / 02:02.774, 1Gb)
Run Template                                                                                         (00:24.254 / 02:27.028, 1Gb)
Generate HTML Outputs                                                                                (00:02.147 / 02:29.175, 1015Mb)
Generate Spreadsheets                                                                                (00:15.363 / 02:44.539, 1Gb)
Generate Summaries                                                                                   (00:00.896 / 02:45.435, 1Gb)
Generating Summary Outputs                                                                           (00:00.000 / 02:45.436, 1Gb)
Table of contents has a section with more than 222 entries.  Collapsing will not work reliably
DB Cumulative Time invested: 00:00:01.628
Sending Usage Stats to Server                                                                        (00:03.095 / 02:48.532, 810Mb)
## Memory (MB): Use = 810, Free = 1164, Total = 1974, Max = 3998                                     (00:00.003 / 02:48.535, 810Mb)
Reclaiming memory...                                                                                 (00:00.001 / 02:48.536, 810Mb)
Generating combined package                                                                          (00:00.190 / 02:48.727, 813Mb)
Error generating combined package: /tmp/ig-builds/dk.kip.rkkp.fhir.ig.core#2.26.0/output/package.tgz (No such file or directory) (00:00.004 / 02:48.731, 813Mb)
## Memory (MB): Use = 765, Free = 1208, Total = 1974, Max = 3998                                     (00:00.470 / 02:49.202, 766Mb)
Run jekyll: jekyll build --destination "/tmp/ig-builds/dk.kip.rkkp.fhir.ig.core#2.26.0/output" (in folder /tmp/ig-builds/dk.kip.rkkp.fhir.ig.core#2.26.0/temp/pages) (00:00.002 / 02:49.204, 766Mb)
Troubleshooting Note: usual cases for Jekyll to fail are:                                            (00:00.001 / 02:49.206, 766Mb)
* A failure to produce a fragment that is already logged in the output above                         (00:00.000 / 02:49.206, 766Mb)
* A reference to a manually edited file that hasn't been provided                                    (00:00.000 / 02:49.207, 766Mb)
Jekyll: Source: /tmp/ig-builds/dk.kip.rkkp.fhir.ig.core#2.26.0/temp/pages                            (00:00.414 / 02:49.622, 768Mb)
Jekyll: Generating...                                                                                (00:00.001 / 02:49.623, 768Mb)
Jekyll: done in 17.088 seconds.                                                                      (00:17.087 / 03:06.710, 768Mb)
[39m
[0;39m[39mInstalling dk.kip.rkkp.fhir.ig.core#2.26.0
[0;39m[39m done.
[0;39m[39m loaded @ /root/.fhir/packages/dk.kip.rkkp.fhir.ig.core#2.26.0
[0;39mChecking Output HTML                                                                                 (00:04.812 / 03:11.523, 934Mb)
Processed /tmp/ig-builds/dk.kip.rkkp.fhir.ig.core#2.26.0/output - % reduction = 98 (149258725 ==> 4421364)
found 11933 files                                                                                    (00:04.234 / 03:15.758, 848Mb)
........................................
........................................
  ... 11933 html files, 0 pages invalid xhtml (0%)                                                   (00:34.645 / 03:50.403, 955Mb)
  ... 462177 links, 11 broken links (0%)                                                             (00:00.002 / 03:50.405, 956Mb)
Generate fragment-usage-analysis.csv                                                                 (00:00.000 / 03:50.406, 956Mb)
Build final .zip                                                                                     (00:00.014 / 03:50.421, 956Mb)
Final .zip built                                                                                     (00:06.490 / 03:56.912, 971Mb)
Built. Times: loading: 00:52.290, generate: 02:58.885, narrative generation: 00:02.167, realm-rules: 00:00.001, previous-version: 00:00.004, jekyll: 00:17.564, validation: 00:08.962 (#1031), template: 00:02.154 (#3) (00:52.736 / 04:49.648, 1Gb)
Generating QA                                                                                        (00:00.002 / 04:49.650, 1Gb)
Validation output in /tmp/ig-builds/dk.kip.rkkp.fhir.ig.core#2.26.0/output/qa.html
Errors: 27, Warnings: 2240, Info: 3541, Broken Links: 11 (00:01.822 / 04:51.473, 1Gb)
Finished @ 9/9/26, 1:53 PM. Max Memory Used = 1Gb. Log file saved in /tmp/fhir-ig-publisher-tmp.log  (00:00.086 / 04:51.559, 1Gb)
Prepare Build space in /tmp/ig-builds/dk.kip.rkkp.fhir.ig.core#2.26.0-milestone
Build IG at /__w/implementation-guide/implementation-guide/ig: final copy suitable for publication (in /tmp/ig-builds/dk.kip.rkkp.fhir.ig.core#2.26.0-milestone) (milestone build)
FHIR IG Publisher Version 2.3.4 (Git# 7ae92f79415a). Built 2026-09-04T06:21:07.840Z (5 days old)    
Detected Java version: 25.0.4 from /opt/java/openjdk on Linux/amd64 (64bit). 3998MB available       
dir = /__w/implementation-guide/implementation-guide, path = /opt/java/openjdk/bin:/usr/local/sbin:/usr/local/bin:/usr/sbin:/usr/bin:/sbin:/bin
Parameters: -publish https://kip.rkkp.dk/fhir/2.26.0 -no-exit -ig /tmp/ig-builds/dk.kip.rkkp.fhir.ig.core#2.26.0-milestone -milestone
Character encoding = UTF-8 / UTF-8                                                                  
Start Clock @ Wednesday, September 9, 2026, 1:53:50 PM Coordinated Universal Time (2026-09-09T13:53:50Z)
                                                                                                    
Build FHIR IG from /tmp/ig-builds/dk.kip.rkkp.fhir.ig.core#2.26.0-milestone                          (00:00.002 / 00:00.002, 1Gb)
Build Formal Publication package, intended for https://kip.rkkp.dk/fhir/2.26.0                       (00:00.000 / 00:00.003, 1Gb)
No FHIR settings file at /root/.fhir/fhir-settings.json; using defaults (no API keys or npm path)    (00:00.000 / 00:00.004, 1Gb)
Package Cache: /root/.fhir/packages                                                                  (00:00.000 / 00:00.005, 1Gb)
Run Sushi on /tmp/ig-builds/dk.kip.rkkp.fhir.ig.core#2.26.0-milestone                                (00:00.001 / 00:00.006, 1Gb)
Sushi: info  Running SUSHI v3.20.1 (implements FHIR Shorthand specification v3.0.0)                  (00:00.430 / 00:00.437, 1Gb)
Sushi: info  Arguments:                                                                              (00:00.001 / 00:00.438, 1Gb)
Sushi: info    --require-latest                                                                      (00:00.001 / 00:00.439, 1Gb)
Sushi: info    --out /tmp/ig-builds/dk.kip.rkkp.fhir.ig.core#2.26.0-milestone                        (00:00.001 / 00:00.441, 1Gb)
Sushi: info    /tmp/ig-builds/dk.kip.rkkp.fhir.ig.core#2.26.0-milestone                              (00:00.000 / 00:00.442, 1Gb)
Sushi: info  Using configuration file: /tmp/ig-builds/dk.kip.rkkp.fhir.ig.core#2.26.0-milestone/sushi-config.yaml (00:00.476 / 00:00.918, 1Gb)
Sushi: info  Importing FSH text...                                                                   (00:00.091 / 00:01.010, 1Gb)
Sushi: info  Preprocessed 1031 documents with 11 aliases.                                            (00:01.380 / 00:02.390, 1Gb)
Sushi: info  Imported 1012 definitions and 18 instances.                                             (00:00.186 / 00:02.577, 1Gb)
Sushi: info  Loaded virtual package sushi-r5forR4#1.0.0 with 7 resources                             (00:00.256 / 00:02.834, 1Gb)
Sushi: info  Resolved hl7.fhir.uv.tools.r4#latest to concrete version 1.1.2                          (00:00.747 / 00:03.581, 1Gb)
Sushi: info  Loaded hl7.fhir.uv.tools.r4#1.1.2 with 119 resources                                    (00:00.045 / 00:03.627, 1Gb)
Sushi: info  Resolved hl7.terminology.r4#latest to concrete version 7.3.0                            (00:00.146 / 00:03.773, 1Gb)
Sushi: info  Loaded hl7.terminology.r4#7.3.0 with 4176 resources                                     (00:00.998 / 00:04.771, 1Gb)
Sushi: info  Loaded hl7.fhir.dk.core#2.0.0 with 36 resources                                         (00:00.010 / 00:04.782, 1Gb)
Sushi: info  Loaded hl7.fhir.r4.core#4.0.1 with 4581 resources                                       (00:00.919 / 00:05.702, 1Gb)
Sushi: info  Resolved hl7.fhir.uv.extensions.r4#latest to concrete version 5.3.0                     (00:00.159 / 00:05.861, 1Gb)
Sushi: info  Loaded hl7.fhir.uv.extensions.r4#5.3.0 with 885 resources                               (00:00.206 / 00:06.067, 1Gb)
Sushi: info  Loaded virtual package sushi-local#LOCAL with 0 resources                               (00:00.010 / 00:06.077, 1Gb)
Sushi: info  Converting FSH to FHIR resources...                                                     (00:00.016 / 00:06.094, 1Gb)
Sushi: info  Converted 13 FHIR StructureDefinitions.                                                 (00:00.551 / 00:06.646, 1Gb)
Sushi: info  Converted 267 FHIR CodeSystems.                                                         (00:20.961 / 00:27.608, 1Gb)
Sushi: info  Converted 732 FHIR ValueSets.                                                           (00:13.130 / 00:40.739, 1Gb)
Sushi: info  Converted 18 FHIR instances.                                                            (00:00.313 / 00:41.053, 1Gb)
Sushi: info  Exporting FHIR resources as JSON...                                                     (00:00.001 / 00:41.054, 1Gb)
Sushi: info  Exported 1030 FHIR resources as JSON.                                                   (00:00.128 / 00:41.182, 1Gb)
Sushi: info  Assembling Implementation Guide sources...                                              (00:00.016 / 00:41.199, 1Gb)
Sushi: info  Generated ImplementationGuide-dk.kip.rkkp.fhir.ig.core.json                             (00:00.027 / 00:41.226, 1Gb)
Sushi: info  Assembled Implementation Guide sources; ready for IG Publisher.                         (00:00.001 / 00:41.227, 1Gb)
Sushi: info  The _build script hosted at https://github.com/HL7/ig-publisher-scripts is useful for downloading and running the IG Publisher. (00:00.001 / 00:41.229, 1Gb)
Sushi: ========================= SUSHI RESULTS ===========================                           (00:00.001 / 00:41.230, 1Gb)
Sushi: |  -------------------------------------------------------------  |                           (00:00.000 / 00:41.231, 1Gb)
Sushi: | |    Profiles   |  Extensions  |   Logicals   |   Resources   | |                           (00:00.000 / 00:41.232, 1Gb)
Sushi: | |-------------------------------------------------------------| |                           (00:00.000 / 00:41.233, 1Gb)
Sushi: | |       0       |      13      |      0       |       0       | |                           (00:00.000 / 00:41.233, 1Gb)
Sushi: |  -------------------------------------------------------------  |                           (00:00.000 / 00:41.234, 1Gb)
Sushi: |  -------------------------------------------------------------  |                           (00:00.000 / 00:41.235, 1Gb)
Sushi: | |      ValueSets     |    CodeSystems    |     Instances      | |                           (00:00.000 / 00:41.236, 1Gb)
Sushi: | |-------------------------------------------------------------| |                           (00:00.000 / 00:41.237, 1Gb)
Sushi: | |        732         |        267        |         18         | |                           (00:00.000 / 00:41.238, 1Gb)
Sushi: |  -------------------------------------------------------------  |                           (00:00.000 / 00:41.239, 1Gb)
Sushi: |                                                                 |                           (00:00.000 / 00:41.239, 1Gb)
Sushi: ===================================================================                           (00:00.000 / 00:41.240, 1Gb)
Sushi: | You swim with the sharks!              0 Errors      0 Warnings |                           (00:00.000 / 00:41.241, 1Gb)
Sushi: ===================================================================                           (00:00.001 / 00:41.242, 1Gb)
Root directory: /tmp/ig-builds/dk.kip.rkkp.fhir.ig.core#2.26.0-milestone                             (00:00.026 / 00:41.269, 1Gb)
Unable to load IG as an r5 IG - try R4 (property code is a class com.google.gson.JsonPrimitive looking for an object) (00:00.031 / 00:41.301, 1Gb)
Load Template from fhir.base.template#current                                                        (00:00.118 / 00:41.419, 1Gb)
[33mThis content depends on fhir.base.template which is no longer considered secure to use
[0;39m[33mSee Security notification at https://www.fhir.org/guides/security-notices/2026-03-npm-dependencies.html
[0;39mScanning directory: /tmp/ig-builds/dk.kip.rkkp.fhir.ig.core#2.26.0-milestone/template
======================================================================
Terminology Cache is at /tmp/ig-builds/dk.kip.rkkp.fhir.ig.core#2.26.0-milestone/input-cache/txcache. 4 files in cache (00:04.421 / 00:45.841, 1Gb)
Core Package hl7.fhir.r4.core#4.0.1                                                                  (00:00.001 / 00:45.842, 1Gb)
Running Terminology Log: /tmp/ohfu-fhir-ig-6992612281863167957.html
Connect to Terminology Server at https://tx.fhir.org                                                 (00:03.351 / 00:49.194, 775Mb)
[39mLoad Package hl7.fhir.pubpack#0.2.5
[0;39m[39mLoad Package hl7.fhir.xver-extensions#0.1.0
[0;39m[39mLoad Package hl7.terminology.r4#7.3.0
[0;39m[39mLoad Package hl7.fhir.uv.extensions.r4#5.3.0
[0;39m[39mLoad Package hl7.terminology.r4#3.1.0
[0;39m[39mLoad Package hl7.fhir.dk.core#2.0.0
[0;39m[39mLoad Package hl7.fhir.uv.tools.r4#1.1.2
[0;39mLoad R5 Specials
Initialization complete                                                                              (00:04.152 / 00:53.346, 1Gb)
Load IG                                                                                              (00:00.000 / 00:53.346, 1Gb)
Load Content                                                                                         (00:00.002 / 00:53.349, 1Gb)
Using en-US as the default narrative language. (no language information in Implementation Guide)     (00:00.075 / 00:53.425, 1Gb)
Process Loaded Resources                                                                             (00:01.021 / 00:54.446, 690Mb)
Generating Snapshots                                                                                 (00:00.772 / 00:55.219, 1Gb)

Signing Certificate: RSA key for Subject: OU=IG Publisher, L=Ann Arbor, CN=hl7.org, O=HL7, ST=Missouri, C=us from: OU=IG Publisher, L=Ann Arbor, CN=hl7.org, O=HL7, ST=Missouri, C=us
Fetch https://kip.rkkp.dk/fhir/package-list.json for version check                                   (00:00.074 / 00:55.294, 1Gb)
Checking Language                                                                                    (00:49.796 / 01:45.090, 1Gb)
Load Dependency Info                                                                                 (00:00.010 / 01:45.101, 1Gb)
Load Info                                                                                            (00:00.003 / 01:45.104, 1Gb)
Load Paths                                                                                           (00:00.003 / 01:45.107, 1Gb)
Check R4 / R4B                                                                                       (00:00.001 / 01:45.109, 1Gb)
Assign Comparison Ids                                                                                (00:00.292 / 01:45.402, 557Mb)
Propagating status                                                                                   (00:00.001 / 01:45.403, 557Mb)
Generating Narratives                                                                                (00:00.000 / 01:45.404, 557Mb)
Validating Conformance Resources                                                                     (00:01.739 / 01:47.144, 607Mb)
Check profiles & code systems                                                                        (00:08.670 / 01:55.815, 1Gb)
Check realm rules                                                                                    (00:00.005 / 01:55.820, 1Gb)
Previous Version Comparison                                                                          (00:00.001 / 01:55.822, 1Gb)
.. loaded. Process                                                                                   (00:00.000 / 01:55.823, 1Gb)
finish previous version comparison                                                                   (00:00.001 / 01:55.825, 1Gb)
finish ipa version                                                                                   (00:00.000 / 01:55.826, 1Gb)
finish ips version                                                                                   (00:00.000 / 01:55.826, 1Gb)
comparisons done                                                                                     (00:00.000 / 01:55.827, 1Gb)
Checking for Bundles to sign                                                                         (00:00.060 / 01:55.888, 1Gb)
Validating Resources                                                                                 (00:00.001 / 01:55.890, 1Gb)
Processing Provenance Records                                                                        (00:00.125 / 01:56.015, 1Gb)
Generating Outputs in /tmp/ig-builds/dk.kip.rkkp.fhir.ig.core#2.26.0-milestone/output                (00:00.001 / 01:56.016, 1Gb)
Generate Native Outputs                                                                              (00:00.392 / 01:56.409, 1Gb)
Run Template                                                                                         (00:24.583 / 02:20.993, 998Mb)
Generate HTML Outputs                                                                                (00:01.770 / 02:22.763, 1Gb)
Generate Spreadsheets                                                                                (00:14.305 / 02:37.069, 2Gb)
Generate Summaries                                                                                   (00:00.553 / 02:37.623, 941Mb)
Generating Summary Outputs                                                                           (00:00.001 / 02:37.624, 941Mb)
Table of contents has a section with more than 222 entries.  Collapsing will not work reliably
DB Cumulative Time invested: 00:00:01.602
Sending Usage Stats to Server                                                                        (00:03.082 / 02:40.707, 1Gb)
## Memory (MB): Use = 1067, Free = 1384, Total = 2452, Max = 3998                                    (00:00.000 / 02:40.708, 1Gb)
Reclaiming memory...                                                                                 (00:00.000 / 02:40.708, 1Gb)
Generating combined package                                                                          (00:00.604 / 02:41.313, 1Gb)
Error generating combined package: /tmp/ig-builds/dk.kip.rkkp.fhir.ig.core#2.26.0-milestone/output/package.tgz (No such file or directory) (00:00.000 / 02:41.314, 1Gb)
## Memory (MB): Use = 767, Free = 1684, Total = 2452, Max = 3998                                     (00:00.416 / 02:41.731, 768Mb)
Run jekyll: jekyll build --destination "/tmp/ig-builds/dk.kip.rkkp.fhir.ig.core#2.26.0-milestone/output" (in folder /tmp/ig-builds/dk.kip.rkkp.fhir.ig.core#2.26.0-milestone/temp/pages) (00:00.001 / 02:41.732, 768Mb)
Troubleshooting Note: usual cases for Jekyll to fail are:                                            (00:00.001 / 02:41.733, 768Mb)
* A failure to produce a fragment that is already logged in the output above                         (00:00.000 / 02:41.734, 768Mb)
* A reference to a manually edited file that hasn't been provided                                    (00:00.000 / 02:41.734, 768Mb)
Jekyll: Source: /tmp/ig-builds/dk.kip.rkkp.fhir.ig.core#2.26.0-milestone/temp/pages                  (00:00.421 / 02:42.156, 770Mb)
Jekyll: Generating...                                                                                (00:00.000 / 02:42.157, 770Mb)
Jekyll: done in 16.743 seconds.                                                                      (00:16.742 / 02:58.899, 770Mb)
[39m
[0;39m[39mInstalling dk.kip.rkkp.fhir.ig.core#2.26.0
[0;39m[39m loaded @ /root/.fhir/packages/dk.kip.rkkp.fhir.ig.core#2.26.0
[0;39mChecking Output HTML                                                                                 (00:04.380 / 03:03.280, 1Gb)
Processed /tmp/ig-builds/dk.kip.rkkp.fhir.ig.core#2.26.0-milestone/output - % reduction = 98 (149258725 ==> 4421364)
found 11933 files                                                                                    (00:03.946 / 03:07.226, 826Mb)
........................................
........................................
  ... 11933 html files, 0 pages invalid xhtml (0%)                                                   (00:32.955 / 03:40.182, 1Gb)
  ... 462177 links, 11 broken links (0%)                                                             (00:00.001 / 03:40.183, 1Gb)
Generate fragment-usage-analysis.csv                                                                 (00:00.001 / 03:40.184, 1Gb)
Build final .zip                                                                                     (00:00.011 / 03:40.195, 1Gb)
Final .zip built                                                                                     (00:06.439 / 03:46.634, 974Mb)
Built. Times: loading: 00:51.741, generate: 02:53.629, narrative generation: 00:01.738, realm-rules: 00:00.001, previous-version: 00:00.005, jekyll: 00:17.228, validation: 00:08.648 (#1031), template: 00:01.774 (#3) (00:52.085 / 04:38.720, 1Gb)
Generating QA                                                                                        (00:00.001 / 04:38.721, 1Gb)
Validation output in /tmp/ig-builds/dk.kip.rkkp.fhir.ig.core#2.26.0-milestone/output/qa.html
Errors: 27, Warnings: 2240, Info: 3541, Broken Links: 11 (00:01.798 / 04:40.520, 2Gb)
Finished @ 9/9/26, 1:58 PM. Max Memory Used = 2Gb. Log file saved in /tmp/fhir-ig-publisher-tmp.log  (00:00.123 / 04:40.644, 2Gb)
Keep a copy of the build directory at /tmp/web-root/run-20260909/ig-build-zips/dk.kip.rkkp.fhir.ig.core#2.26.0.zip

ok. All checks passed. Publish v2.26.0 to /tmp/web-root/run-20260909/fhir/2.26.0
Copy the IG to /tmp/web-root/run-20260909/fhir/2.26.0
Update /tmp/web-root/run-20260909/fhir/package-list.json
Publish Box Statement: This page is part of the KIP Infrastructure (v2.26.0: Release) based on <a data-no-external="true" href="http://hl7.org/fhir/R4">FHIR (HL7® FHIR® Standard) R4</a>. This is the current published version in its permanent home (it will always be available at this URL).  For a full list of available versions, see the <a data-no-external="true" href="https://kip.rkkp.dk/fhir/history.html">Directory of published versions</a>
  .. 6210 files checked, 6210 updated
  .. 1031 redirections (1031 created/updated)
This is a milestone release - publish v2.26.0 to /tmp/web-root/run-20260909/fhir
Publish Box Statement: This page is part of the KIP Infrastructure (v2.26.0: Release) based on <a data-no-external="true" href="http://hl7.org/fhir/R4">FHIR (HL7® FHIR® Standard) R4</a>. This is the current published version.  For a full list of available versions, see the <a data-no-external="true" href="https://kip.rkkp.dk/fhir/history.html">Directory of published versions</a>
  .. 6210 files checked, 6210 updated
  .. 1031 redirections (1031 created/updated)
Check for Files to delete
  ... 0 files
Copy to new IG /tmp/web-root/run-20260909/fhir
Error in package-list.json:path to build.fhir.org should not use https://
dk.kip.rkkp.fhir.ig.core (https://kip.rkkp.dk/fhir): KIP Infrastructure @ http://build.fhir.org/ig/kip-infrastructure/implementation-guide
  edition: Releases 2.26.0/4.0.1 @ https://kip.rkkp.dk/fhir/2.26.0
Build is complete. Copy from /tmp/web-root/run-20260909
Update history page at /tmp/web-root/run-20260909/fhir from /__w/implementation-guide/implementation-guide/history and web/templates
